bugs/closed/bug_5281.v...Error! (bug seems to be opened, please check)
